// Jest Snapshot v1, https://goo.gl/fbAQLP

exports[`renders correctly 1`] = `
<Text
  accessibilityRole="text"
  style={
    Object {
      "color": "#242424",
    }
  }
>
  Snapshot test!
</Text>
`;
